
╔════════════════════════════════════════════════════════════════════╗
║ Update available for @playwright/cli: 0.1.18 → 0.1.19              ║
║ Run `npm install -g @playwright/cli@latest` (global) or            ║
║ `npm install --save-dev @playwright/cli@latest` (local) to update. ║
╚════════════════════════════════════════════════════════════════════╝

### Ran Playwright code
```js
await (async page => {
  const dump = async (name) => {
    const out = await page.evaluate(() => {
      const g = window.__capy
      const vis = [...document.querySelectorAll('body *')].filter(e => { const cs = getComputedStyle(e); const r = e.getBoundingClientRect(); return cs.display !== 'none' && cs.visibility !== 'hidden' && +cs.opacity > 0.05 && r.width > 0 && e.children.length === 0 && e.textContent.trim() }).map(e => e.textContent.trim())
      const p = g.capy.body.position
      return { t: Date.now(), biome: g.biome.current, pos: [p.x, p.y, p.z].map(v => +v.toFixed(1)), vis: vis.slice(-32), err: g.state.lastError }
    })
    await page.evaluate((o) => fetch('/shot?name=' + o.name, { method: 'POST', body: btoa(unescape(encodeURIComponent(JSON.stringify(o.out)))) }), { name, out })
  }
  await page.keyboard.down('KeyW')
  await page.waitForTimeout(3000)
  await page.keyboard.up('KeyW')
  await page.waitForTimeout(400)
  await page.keyboard.press('KeyQ')
  await page.waitForTimeout(2500)
  await page.screenshot({ path: 'qa/l7r-play-46.png' })
  await dump('l7r-play-s24a.json')
  await page.keyboard.down('KeyW')
  await page.waitForTimeout(3000)
  await page.keyboard.up('KeyW')
  await page.waitForTimeout(15000)
  await page.screenshot({ path: 'qa/l7r-play-47.png' })
  await page.waitForTimeout(15000)
  await page.screenshot({ path: 'qa/l7r-play-48.png' })
  await dump('l7r-play-s24.json')
}
)(page);
```
